Шпаргалка. Базовые команды в консоли
Чтобы вам было удобнее взаимодействовать с командной строкой, мы подготовили шпаргалку. В ней собраны все команды, о которых мы рассказали в уроках, и их полезные вариации. 
Навигация
•	pwd (от англ. print working directory, «показать рабочую папку») — покажи, в какой я папке;
•	ls (от англ. list directory contents, «отобразить содержимое директории») — покажи файлы и папки в текущей папке;
•	ls -a — покажи также скрытые файлы и папки, названия которых начинаются с символа .;
•	cd first-project (от англ. change directory, «сменить директорию») — перейди в папку first-project;
•	cd first-project/html — перейди в папку html, которая находится в папке first-project;
•	cd .. — перейди на уровень выше, в родительскую папку;
•	cd ~ — перейди в домашнюю директорию (/Users/Username);
•	cd / — перейди в корневую директорию.
Работа с файлами и папками
Создание
•	touch index.html (англ. touch, «коснуться») — создай файл index.html в текущей папке;
•	touch index.html style.css script.js — если нужно создать сразу несколько файлов, можно напечатать их имена в одну строку через пробел;
•	mkdir second-project (от англ. make directory, «создать директорию») — создай папку с именем second-project в текущей папке.
Копирование и перемещение
•	cp file.txt ~/my-dir (от англ. copy, «копировать») — скопируй файл в другое место;
•	mv file.txt ~/my-dir (от англ. move, «переместить») — перемести файл или папку в другое место.
Чтение
•	cat file.txt (от англ. concatenate and print, «объединить и распечатать») — распечатай содержимое текстового файла file.txt.
Удаление
•	rm about.html (от англ. remove, «удалить») — удали файл about.html;
•	rmdir images (от англ. remove directory, «удалить директорию») — удали папку images;
•	rm -r second-project (от англ. remove, «удалить» + recursive, «рекурсивный») — удали папку second-project и всё, что она содержит.
Полезные возможности
•	Команды необязательно печатать и выполнять по очереди. Можно указать их списком — разделить двумя амперсандами (&&).
•	У консоли есть собственная память — буфер с несколькими последними командами. По ним можно перемещаться с помощью клавиш со стрелками вверх (↑) и вниз (↓).
•	Чтобы не вводить название файла или папки полностью, можно набрать первые символы имени и дважды нажать Tab. Если файл или папка есть в текущей директории, командная строка допишет путь сама.
Например, вы находитесь в папке dev. Начните вводить cd first и дважды нажмите Tab. Если папка first-project есть внутри dev, командная строка автоматически подставит её имя. Останется только нажать Enter.

Что такое SSH. Генерируем SSH-ключ
Представьте, что у вас есть ключ от двери, за которой хранится важный документ. Чтобы получить доступ к этому документу, вам нужно вставить ключ в замочную скважину и повернуть его. Поскольку ключ есть только у вас, ваш документ надёжно защищён от посторонних глаз.
Чтобы получить доступ к репозиторию на GitHub, вам тоже нужно предоставить ключ, который подтверждает вашу личность и права на чтение или изменение данных. Без этого ключа доступ будет ограничен. Об этом и пойдёт речь в уроке.
Что такое SSH
Когда компьютеры обмениваются данными в сети, они следуют сетевым протоколам (англ. network protocols) — правилам обмена данными между компьютерами.
Один из наиболее распространённых сетевых протоколов — SSH (от англ. Secure Shell Protocol). Он обеспечивает безопасный обмен данными в сети. С помощью этого протокола можно получать данные с удалённого компьютера или отправлять их на него. Трафик шифруется, поэтому протокол безопасен.
SSH использует пару ключей для обеспечения безопасности — публичный и приватный: 
•	Приватный ключ (англ. private key) хранится только на вашем компьютере и не должен передаваться кому-либо ещё. Он используется для расшифровки данных.
•	Публичный ключ (англ. public key) доступен всем и используется для шифрования данных. Они могут быть расшифрованы парным приватным ключом.
Только вы можете расшифровать данные с помощью приватного ключа, но любой владелец публичного ключа может их для вас зашифровать. Эти два ключа связаны и образуют SSH-пару. В будущем вы наверняка будете использовать их для взаимодействия с GitHub и другими удалёнными серверами.
Проверка наличия SSH-ключа
Прежде чем генерировать SSH-ключи, убедитесь, что у вас их ещё нет. По умолчанию директория с SSH-ключами находится в домашней директории пользователя. Перейдите в неё.
Скопировать кодBASH
$ cd ~ # перешли в домашнюю директорию 

Обычно SSH-ключи находятся в директории .ssh/. Проверить наличие этой директории и файлов в ней можно с помощью следующей команды.
Скопировать кодBASH

$ ls -la .ssh/ # вывели список созданных ключей 
Если папка пустая или её нет, всё в порядке. 
Если есть файлы с похожими названиями, SSH-ключи уже создавались:
•	id_dsa.pub;
•	id_ecdsa.pub;
•	id_ed25519.pub;
•	id_rsa.pub.
Если вы не создавали эти файлы, удалите их все.
Инструкция по генерации SSH-ключа
1.	Для генерации SSH-пары можно использовать программу ssh-keygen. Откройте терминал и введите следующую команду.
Скопировать кодBASH
$ ssh-keygen -t ed25519 -C "электронная почта, к которой привязан ваш аккаунт на GitHub" 
Используйте электронную почту, к которой привязан ваш GitHub-аккаунт.
Если вы видите сообщение об ошибке, то, скорее всего, ваша система не поддерживает алгоритм шифрования ed25519. Ничего страшного: используйте другой алгоритм.
Скопировать кодBASH
$ ssh-keygen -t rsa -b 4096 -C "электронная почта, к которой привязан ваш аккаунт на GitHub" 
После ввода отобразится такое сообщение.
Скопировать кодBASH
> Generating public/private rsa key pair. # сгенерированы публичный и приватный ключи 
2.	Укажите место хранения ключей. Простой вариант — сделать домашний каталог пользователя путём по умолчанию. Для этого нажмите Enter.
macOS
Скопировать кодBASH
> Enter a file in which to save the key (/Users/you/.ssh/id_rsa): [Press enter] 
Windows
Скопировать кодBASH
> Enter a file in which to save the key (C:\Users\<имя_пользователя>\.ssh\):[Press enter] 
Теперь в указанной директории появится пара ключей.
3.	Программа запросит кодовую фразу (англ. passphrase) для доступа к SSH-ключу. Вы можете оставить поле пустым. Для этого нажмите Enter, а затем ещё раз Enter для подтверждения.
Скопировать кодBASH
> Enter passphrase (empty for no passphrase): [Type a passphrase]
> Enter same passphrase again: [Type passphrase again] 
💡 Быть или не быть кодовой фразе — вот в чём вопрос
Как бы странно ни звучало, кодовая фраза — это «пароль от ключа». Представьте, что SSH-ключ лежит в шкатулке. А на самой шкатулке — кодовый замок, который открывается кодовой фразой.
Многие пользователи Git не используют кодовую фразу для защиты своего SSH-ключа. Если такой фразы нет, то её не нужно вводить всякий раз при взаимодействии с удалённым репозиторием.
С другой стороны, применение кодовой фразы усиливает безопасность ключей. Если вы используете эту фразу, ключ будет надёжно защищён в случае несанкционированного доступа к вашему компьютеру.
4.	Готово! Теперь осталось проверить, что ключи действительно сгенерировались. Для этого вызовите эту команду.
Скопировать кодBASH
ls -a ~/.ssh 
На экране должны появиться два файла — один с расширением .pub, другой — без. Файл в .pub — публичный, им можно делиться с веб-сайтами или коллегами. Файл без расширения .pub — приватный. Ни в коем случае не передавайте его никому! 
Вся gi в консоли показана на скриншоте ниже.
 

Замечательно! Подведём итоги:
•	SSH — протокол, который обеспечивает безопасный обмен данными в сети и использует для этого ключи.
•	SSH-ключ — ваш виртуальный идентификатор в GitHub. Как ключ от квартиры, он позволяет получить доступ к GitHub-репозиторию. Также SSH используется для доступа к другим удалённым серверам.
•	SSH-ключ состоит из двух частей — публичной и приватной. Публичный ключ зашифрует данные, а приватный — расшифрует. Приватным ключом ни в коем случае нельзя делиться, иначе любой сможет расшифровать все ваши секреты!
Привязываем SSH-ключ к GitHub
В прошлом уроке вы сгенерировали SSH-ключ, но он пока не привязан к аккаунту на GitHub. Исправим это.
Инструкция по связыванию SSH-ключа и GitHub-аккаунта
1.	После выполнения команды ssh-keygen из предыдущего урока в директории ~/.ssh будет создано два файла — id_ed25519 и id_ed25519.pub (или id_rsa и id_rsa.pub — в зависимости от того, какой алгоритм вы использовали): 
o	id_ed25519/id_rsa — приватный ключ (файл без .pub в конце). Ни в коем случае не копируйте его и не делитесь им.
o	id_ed25519.pub/id_rsa.pub — публичный ключ (на это указывает расширение .pub).
Скопируйте содержимое файла с публичным ключом в буфер обмена.
macOS
Скопировать кодBASH
# скопировать содержимое ключа в буфер обмена:
$ pbcopy < ~/.ssh/id_rsa.pub
# для ed25519:
$ pbcopy < ~/.ssh/id_ed25519.pub 
Здесь используется команда pbcopy — она копирует поток данных в буфер обмена. Запись pbcopy < ~/.ssh/id_rsa.pub означает: «Скопируй в буфер обмена всё содержимое файла ~/.ssh/id_rsa.pub».
В качестве альтернативы вы можете распечатать файл на экран с помощью cat ~/.ssh/id_rsa.pub и скопировать его вручную.
Windows
Скопировать кодBASH
# скопировать содержимое ключа в буфер обмена:
$ clip < ~/.ssh/id_rsa.pub
# для ed25519:
$ clip < ~/.ssh/id_ed25519.pub 
Если clip не сработает, выведите содержимое файла с помощью cat ~/.ssh/id_rsa.pub или cat ~/.ssh/id_ed25519.pub и скопируйте вывод в буфер обмена из консоли.
2.	Перейдите на GitHub и выберите пункт Settings (англ. «настройки») в меню аккаунта.
3.	В меню слева нажмите на пункт SSH and GPG keys.
4.	В открывшейся вкладке выберите New SSH key (англ. «новый SSH-ключ»).
5.	В поле Title (англ. «заголовок») напишите название ключа. Например, Personal key (англ. «личный ключ»).
6.	В поле Key type (англ. «тип ключа») должно быть Authentication Key (англ. «ключ аутентификации»).
7.	В поле Key скопируйте ваш ключ из буфера обмена.
Нажмите на кнопку Add SSH key (англ. «добавить SSH-ключ»).
9.	Проверьте правильность ключа с помощью следующей команды.
Скопировать кодBASH
$ ssh -T git@github.com 
Если это первый раз, когда вы используете Git, чтобы поделиться проектом на GitHub, появится похожее предупреждение.
Скопировать кодBASH
The authenticity of host 'github.com (140.82.121.4)' can't be established. ED25519 key fingerprint is SHA256:+DiY3wvvV6TuJJhbpZisF/zLDA0zPMSvHdkr4UvCOqU. This key is not known by any other names. Are you sure you want to continue connecting (yes/no/[fingerprint])? 
Это предупреждение сообщает, что вы никогда не соединялись с сервером GitHub. Поэтому Git не может гарантировать, что сервер является тем, за кого он себя выдаёт.
Для подтверждения подлинности сервер генерирует и публикует ключи SHA256. Вы можете проверить ключи GitHub по этой ссылке. Если ключ в предупреждении совпадает с тем, что вы видите на сайте, значит, сервер является действительным. Введите yes, чтобы продолжить. Вы увидите приветствие на экране.
Скопировать кодBASH
Hi %ВАШ_АККАУНТ%! You've successfully authenticated, but GitHub does not provide shell access. 
Если у вас возникли сложности при генерации или привязке SSH-ключей, посмотрите видеоинструкцию, в которой мы показываем всё по порядку.


Привязать удалённый репозиторий к локальному — git remote add
Перейдите на страницу удалённого репозитория, выберите тип SSH и скопируйте URL. Кнопка справа позволит сделать это мгновенно.
 
Откройте консоль, перейдите в каталог локального репозитория и введите команду git remote add (от англ. remote — «удалённый» и add — «добавить»).
Скопировать кодBASH
$ cd ~/dev/first-project
$ git remote add origin git@github.com:%ИМЯ_АККАУНТА%/first-project.git 
Команде необходимо передать два параметра: имя удалённого репозитория и его URL. В качестве имени используйте слово origin. А URL вы скопировали со страницы удалённого репозитория.
💡 Как выполнить вставку в командную строку?
В командную строку нельзя вставить текст из буфера обмена с помощью привычного сочетания Ctrl+V. На Windows (в Git Bash) и Linux для этого используется сочетание Ctrl+Shift+V, а на macOS — Cmd+V.
Также можно нажать правую кнопку мыши и выбрать пункт Paste (англ. «вставить») в выпадающем меню.
origin (англ. «источник») — стандартный псевдоним, с помощью которого можно обращаться к главному удалённому репозиторию (обычно такой репозиторий один). Это значительно упрощает работу.
Убедиться, что репозитории связаны, — git remote -v
Отлично: вы связали локальный репозиторий с удалённым. Осталось убедиться, что всё работает, с помощью следующей команды.
Скопировать кодBASH
$ git remote -v
origin    git@github.com:%ИМЯ_АККАУНТА%/%ИМЯ-ПРОЕКТА%.git (fetch)
origin    git@github.com:%ИМЯ_АККАУНТА%/%ИМЯ-ПРОЕКТА%.git (push) 
В выводе вы должны увидеть две строчки, аналогичные тем, что показаны выше.
Флаг -v — короткая форма флага --verbose (англ. «подробный»). Он позволяет показать больше информации в выводе.
Синхронизируем локальный и удалённый репозитории
Вы зарегистрировались на GitHub, сгенерировали SSH-ключ и привязали локальный репозиторий к удалённому. Самое сложное позади! Теперь разберём, как выкладывать свои правки на удалённый репозиторий. Но сначала немного о ветках.
Основная ветка
Мы упоминали, что каждый коммит сохраняет актуальное состояние файлов. Сами же коммиты хранятся в ветках (англ. branch).
Если коммит — это снимок состояния файлов, то ветка — временна́я шкала, на которой расположены эти снимки. Ветка всегда начинается от одного из коммитов.
В репозитории может существовать сразу несколько веток — параллельных историй изменений. Также они могут соединяться друг с другом.
Самая первая ветка в репозитории появляется автоматически и называется main (англ. «основная») или master. Её имя нужно указывать при отправке коммитов на удалённый репозиторий или при получении их из него.
💡 main или master?
Раньше основная ветка в репозиториях, созданных на GitHub, называлась master, но с 11 октября 20202020 года (после волны протестов движения Black Lives Matter) её переименовали в main. 
Во всех репозиториях, созданных раньше этой даты, название основной ветки не поменялось. Поэтому в проектах, которые начали именно с master, и в руководствах по работе с Git вы по-прежнему можете встретить имя master. 
Отправить изменения на удалённый репозиторий — git push
Вы уже прошли весь «цикл коммита»: подготовили файлы с помощью git add, закоммитили их с комментарием командой git commit -m. Осталось загрузить содержимое локального репозитория на GitHub. За это отвечает команда git push (от англ. push — «толкать»).
В первый раз эту команду нужно вызвать с флагом -u и параметрами origin (имя удалённого репозитория) и main или master (название текущей ветки). Флаг -u свяжет локальную ветку с одноимённой удалённой. Как вы связывали локальный и удалённый репозитории в предыдущем уроке, так же и здесь нужно дополнительно связать ветки.
Скопировать кодBASH
$ git push -u origin main # Если команда приведёт к ошибке, попробуйте 
                          # заменить main на master. 
Появится такой экран.


 
При взаимодействии с удалёнными репозиториями Git выводит в консоль отладочную информацию: количество объектов (файлов), которые отправляются на сервер, информацию о прогрессе сжатия и записи и так далее.
Если вы указывали кодовую фразу при настройке SSH-ключей, её нужно будет ввести.
Зайдите в репозиторий first-project на GitHub. Вы увидите, что в репозитории появились файлы с изменениями.
 
В дальнейшем при работе с удалённым репозиторием флаг -u можно опустить и писать просто git push.
Работа с графическим интерфейсом GitHub
GitHub предоставляет удобный интерфейс для работы с репозиторием. Например, нажмите на кнопку commit в правой части страницы, чтобы просмотреть все коммиты в репозитории.
 
Откроется окно с коммитами и их авторами.
 
Сообщение коммита в репозитории тоже является ссылкой. 
 
Перейдите по ссылке, кликните на текст последнего коммита над репозиторием — так вы сможете увидеть все изменения, которые были внесены в репозиторий в этом коммите.
 


Получить сокращённый лог — git log --oneline
Получить сокращённый лог можно с помощью команды git log с флагом --oneline (англ. «одной строкой»). В терминале появятся только первые несколько символов хеша каждого коммита и их комментарии.
 
Сокращённый лог полезен, если в репозитории уже много коммитов — например, сотни или тысячи. В этом случае можно быстро найти нужный по описанию.
Сокращённый хеш (то есть первые несколько символов полного) можно использовать точно так же, как и полный. Для этого команда git log --oneline автоматически подбирает такую длину сокращённых хешей, чтобы они были уникальными в пределах репозитория и Git всегда мог понять, о каком коммите идёт речь.
•	Статусом untracked помечается файл, о существовании которого Git знает, но не следит за изменениями в нём. Этот статус — противоположность tracked, в который попадают все файлы, отслеживаемые Git.
•	Файл переходит в статус staged после выполнения git add.
•	Статус modified означает, что файл был изменён.
•	Большинство файлов в проектах «шагает» по следующему циклу: «изменён» → «добавлен в список на коммит» → «закоммичен» → «изменён» → и так далее.

Стили оформления
Все люди разные и у всех есть предпочтения — в том числе, как формулировать сообщения коммитов. Кто-то использует инфинитивы: Исправить сообщение об ошибке E123, кто-то — глаголы в прошедшем времени: Исправил…, кто-то — существительные: Исправление….
Без единообразия коммитов нет и эффективной работы в Git. Это может показаться мелочью, но когда коммиты с сообщениями в разных стилях идут друг за другом, их может быть сложно читать.
Чтобы упростить работу, команды или даже целые компании часто договариваются об определённом стиле (то есть о правилах) оформления сообщений коммитов.
Например, правила могут быть такие:
•	длина сообщения от 3030 до 7272 символов;
•	первое слово — глагол в инфинитиве («исправить», «дополнить», «добавить» и другие);
•	и так далее.
Есть много подходов к оформлению сообщений коммитов, но мы расскажем о нескольких популярных. Их используют как отдельные команды, так и целые проекты.
Корпоративный
Во многих компаниях применяется Jira — система для организации проектов и задач. У каждой задачи в Jira есть идентификатор из нескольких заглавных латинских букв и номера. Например, LGS-239 значит, что это 239239-я задача в проекте LGS (сокращение от англ. logistics — «логистика»).
В корпоративном стиле в начале сообщения обычно указывают Jira-ID, а после — текст сообщения.
Скопировать кодBASH
$ git commit -m "LGS-239: Дополнить список пасхалок новыми числами" 
Какие-то команды могут договариваться, с какой части речи начинать сообщение и какой длины оно должно быть, какие-то — нет. Но требование о наличии Jira-ID обычно строгое: оно позволяет автоматически связывать коммиты с задачами и проектами.
Стандарт Conventional Commits (англ. «соглашение о коммитах») отличается качественной документацией и подробной проработкой. Он подходит для репозиториев с исходным кодом программ. Использовать его для других типов проектов (например, для перевода книги) было бы неудобно.
Conventional Commits предлагает такой формат коммита: <type>: <сообщение>. Первая часть type — это тип изменений. Таких типов достаточно много. Вот два примера:
•	feat (сокращение от англ. feature) — для новой функциональности;
•	fix (от англ. «исправить», «устранить») — для исправленных ошибок.
Более подробный список можно увидеть на сайте с описанием этого стиля.
Например, сообщение может быть таким.
Скопировать кодBASH
git commit -m "feat: добавить подсчёт суммы заказов за неделю" 
GitHub-стиль
GitHub можно использовать не только для хранения файлов проекта, но и для ведения списка задач (англ. issue) этого проекта. Если коммит «закрывает» или «решает» какую-то задачу, то в его сообщении удобно указывать ссылку на неё. Для этого в любом месте сообщения нужно указать #<номер задачи>. Например, вот так.
Скопировать кодBASH
$ git commit -m "Исправить #334, добавить график температуры" 
В таком случае GitHub свяжет коммит и задачу.
💡 Инфинитив и императив
Для сообщений на русском языке часто рекомендуют использовать инфинитивы. Например: Добавить тесты для PipkaService, Исправить ошибку #123 и так далее.
Для сообщений на английском рекомендуется использовать повелительное наклонение (англ. imperative). Например: Use library mega_lib_300, Fix exit button и так далее.
Эти рекомендации сложились исторически, и им следуют многие проекты.
Как исправить коммит
Иногда в только что выполненном коммите нужно что-то поменять: например, добавить ещё пару файлов или заменить сообщение на более информативное.
В таком случае можно внести правки в уже сделанный коммит с помощью опции --amend (от англ. amend — «исправить», «дополнить») у команды commit: git commit --amend. Разберём, как она работает.
💡 Важно: опция --amend работает только с последним коммитом (HEAD). Для исправления более ранних коммитов есть другие команды. Мы рассмотрим их в следующих модулях курса.
Подготавливаем репозиторий
Создайте тренировочный репозиторий для отработки команды.
Скопировать кодBASH
$ mkdir ~/dev/commit-amend-fun
$ cd ~/dev/commit-amend-fun
$ git init
# пропустим вывод git init 
Дополнить коммит новыми файлами — git commit --amend --no-edit
Представьте, что делаете небольшой сайт и для этого создали файл-страницу main.html, а также файл со стилями common.css.
Скопировать кодBASH
$ touch main.html
$ touch common.css
# дальше отредактировали оба файла 
В какой-то момент вы забыли о файле common.css и добавили в коммит только main.html.
Скопировать кодBASH
$ git add main.html
$ git commit -m "Добавить главную страницу"
$ git log --oneline
777fec3 Добавить главную страницу 
Напомним, что если вы повторяете за нами эти действия локально, у вас будут другие хеши коммитов.
Файл common.css так и остался «висеть» в untracked. В этом легко убедиться, если вызвать git status.
Скопировать кодBASH
$ git status
On branch main
Untracked files:
  (use "git add <file>..." to include in what will be committed)
          common.css

nothing added to commit but untracked files present (use "git add" to track) 
Дополните последний коммит забытым файлом common.css с помощью опции --amend.
Скопировать кодBASH
$ git add common.css
# добавили файл common.css в список на коммит как обычно

# но вместо команды commit -m '...'
# будет:
$ git commit --amend --no-edit

$ git log --oneline
8340eb2 Добавить главную страницу
# коммит в истории всё ещё один (но у него новый хеш) 
С опцией --amend команда commit не создаст новый коммит, а дополнит последний, просто добавив в него файл common.css. При этом хеш последнего коммита изменится, потому что изменился список файлов в коммите.
Обратите внимание на опцию --no-edit. Она сообщает команде commit, что сообщение коммита нужно оставить как было.
Точно так же можно добавить не новый файл, а дополнительные изменения в уже добавленном в коммит файле.
Скопировать кодBASH
# ещё раз отредактировали main.html

$ git add main.html # добавили в список на коммит
$ git commit --amend --no-edit 
💡 Что же выбрать: новый коммит или --amend?
В нашем примере вместо изменения последнего коммита можно было также выполнить новый коммит с одним файлом common.css. Кажется, что так проще, но добавить изменения в уже существующий коммит может быть правильнее.
Например, через месяц кто-то захочет просмотреть историю изменений. Намного проще понять, что изменилось, если оба файла находятся в одном коммите. Иначе коммит со второй порцией изменений придётся искать.
Изменить сообщение коммита — git commit --amend -m "Новое сообщение"
Может быть и так, что добавлять новые файлы в коммит не нужно, зато понадобилось изменить сообщение.
Допустим, хочется заменить сообщение Добавить главную страницу на Добавить главную страницу и стили. Сделать это можно через commit --amend с флагом -m.
Скопировать кодBASH
$ git commit --amend -m "Добавить главную страницу и стили"
$ git log --oneline
a31fa24 Добавить главную страницу и стили 
Хеш коммита снова поменялся, потому что изменились сообщение и время коммита. При этом файлы в коммите остались те же: main.html и common.css.
Случилось страшное: открылся редактор
Если забыть указать у команды git commit --amend один из флагов (--no-edit или -m), Git предложит отредактировать сообщение коммита вручную. Для этого он откроет текстовый редактор, который установлен в системе по умолчанию. Чаще всего это либо GNU nano, либо Vim.
Изучить редактор Vim и Nano

